\BOOKMARK [1][-]{section.1}{\376\377\137\025\212\000}{}% 1
\BOOKMARK [1][-]{section.2}{\376\377\230\171\166\356\121\205\133\271\116\016\116\343\170\001\176\323\147\204}{}% 2
\BOOKMARK [1][-]{section.3}{\376\377\173\227\154\325\123\237\164\006}{}% 3
\BOOKMARK [2][-]{subsection.3.1}{\376\377\137\072\123\026\133\146\116\140\116\016\232\154\134\024\171\321\131\053\121\263\173\126\217\307\172\013}{section.3}% 4
\BOOKMARK [2][-]{subsection.3.2}{\376\377\000Q\000-\000L\000e\000a\000r\000n\000i\000n\000g\000\040\173\227\154\325}{section.3}% 5
\BOOKMARK [2][-]{subsection.3.3}{\376\377\000-\000g\000r\000e\000e\000d\000y\000\040\143\242\175\042\173\126\165\145}{section.3}% 6
\BOOKMARK [1][-]{section.4}{\376\377\173\227\154\325\133\236\163\260}{}% 7
\BOOKMARK [2][-]{subsection.4.1}{\376\377\145\160\143\156\133\130\120\250\116\016\000\040\000Q\000\040\120\074\147\345\213\342}{section.4}% 8
\BOOKMARK [2][-]{subsection.4.2}{\376\377\000Q\000\040\120\074\146\364\145\260}{section.4}% 9
\BOOKMARK [2][-]{subsection.4.3}{\376\377\122\250\117\134\220\011\142\351}{section.4}% 10
\BOOKMARK [2][-]{subsection.4.4}{\376\377\213\255\176\303\137\252\163\257}{section.4}% 11
\BOOKMARK [1][-]{section.5}{\376\377\133\236\232\214}{}% 12
\BOOKMARK [2][-]{subsection.5.1}{\376\377\127\372\170\100\123\302\145\160\133\236\232\214}{section.5}% 13
\BOOKMARK [3][-]{subsubsection.5.1.1}{\376\377\133\236\232\214\213\276\177\156}{subsection.5.1}% 14
\BOOKMARK [3][-]{subsubsection.5.1.2}{\376\377\122\035\173\133\176\323\147\234}{subsection.5.1}% 15
\BOOKMARK [3][-]{subsubsection.5.1.3}{\376\377\131\015\213\255\176\323\147\234}{subsection.5.1}% 16
\BOOKMARK [3][-]{subsubsection.5.1.4}{\376\377\147\000\117\163\152\041\127\213\000\040\0005\0000\000\040\134\100\122\006\145\160\122\006\136\003}{subsection.5.1}% 17
\BOOKMARK [3][-]{subsubsection.5.1.5}{\376\377\123\302\145\160\137\161\124\315\122\006\147\220}{subsection.5.1}% 18
\BOOKMARK [2][-]{subsection.5.2}{\376\377\000B\000o\000n\000u\000s\000\040\162\266\140\001\116\016\131\126\122\261\133\236\232\214}{section.5}% 19
\BOOKMARK [3][-]{subsubsection.5.2.1}{\376\377\162\266\140\001\210\150\171\072\145\071\202\157\377\010\000b\000o\000n\000u\000s\0001\377\011\116\016\133\236\232\214\176\323\147\234}{subsection.5.2}% 20
\BOOKMARK [3][-]{subsubsection.5.2.2}{\376\377\131\126\122\261\130\121\137\142\145\071\202\157\377\010\000b\000o\000n\000u\000s\0002\377\011\116\016\133\236\232\214\176\323\147\234}{subsection.5.2}% 21
\BOOKMARK [3][-]{subsubsection.5.2.3}{\376\377\176\304\124\010\152\041\127\213\147\000\176\310\133\371\153\324}{subsection.5.2}% 22
\BOOKMARK [1][-]{section.6}{\376\377\176\323\213\272}{}% 23
\BOOKMARK [1][-]{section.7}{\376\377\217\320\210\114\145\271\137\017}{}% 24
